<!DOCTYPE html PUBLIC "-//W3C//DTD HTML 4.0 Transitional//EN" "http://www.w3.org/TR/REC-html40/loose.dtd">
<html xmlns="http://www.w3.org/1999/xhtml">
  <body>
    <iframe src="https://pl.kotl.in/owreUFFUG?theme=darcula&amp;amp;from=3&amp;amp;to=6&amp;amp;readOnly=true" allowtransparency="true" scrolling="no" frameborder="0"></iframe>
  </body>
</html>
