<!DOCTYPE html PUBLIC "-//W3C//DTD HTML 4.0 Transitional//EN" "http://www.w3.org/TR/REC-html40/loose.dtd">
<html xmlns="http://www.w3.org/1999/xhtml">
  <body>
    <div class="liquid-comment">
  <div class="details">
    <a href="/devcommenttagtest">
      <img class="profile-pic" src="/uploads/user/profile_image/32/1547cf00-bd94-4c11-90c1-ad470de68942.jpeg" alt="devcommenttagtest profile image" /></a>
    <a href="/devcommenttagtest">
      <span class="comment-username">DevCommentTag Test</span>
    </a>
      <a href="https://twitter.com/twitter2">
        <img src="/assets/twitter-logo.svg" class="icon-img" alt="twitter" /></a>
      <a href="https://github.com/github2">
        <img src="/assets/github-logo.svg" class="icon-img" alt="github" /></a>
    <div class="comment-date">
      <a href="/devcommenttagtest/comment/g" data-published-timestamp="2019-04-23T20:48:00Z">Apr 24</a>
    </div>
  </div>
  <div class="body">


<p>DevCommentTagTest</p>



  </div>
</div>
  </body>
</html>
