// Jest Snapshot v1, https://goo.gl/fbAQLP

exports[`<OutlinedButton /> component should render 1`] = `
<button
  class="crayons-btn crayons-btn--outlined"
  disabled={false}
  type="button"
>
  Hello world!
</button>
`;
