<!DOCTYPE html PUBLIC "-//W3C//DTD HTML 4.0 Transitional//EN" "http://www.w3.org/TR/REC-html40/loose.dtd">
<html xmlns="http://www.w3.org/1999/xhtml">
  <body>
    <div class="crayons-story__snippet mb-1">…&lt;<em>marquee</em>='<em>alert</em>(<em>document.cookie</em>)'&gt;<em>XSS</em>…</div>
  </body>
</html>
