// Jest Snapshot v1, https://goo.gl/fbAQLP

exports[`<TagsFollowed /> should render the empty view when no tags are passed in 1`] = `
<div
  id="followed-tags-wrapper"
/>
`;

exports[`<TagsFollowed /> should render the tags followed when tags are passed in 1`] = `
<div
  id="followed-tags-wrapper"
>
  <div
    class="sidebar-nav-element"
    id="sidebar-element-javascript"
  >
    <a
      class="crayons-link crayons-link--block"
      href="/t/javascript"
    >
      #javascript
    </a>
  </div>
  <div
    class="sidebar-nav-element"
    id="sidebar-element-webdev"
  >
    <a
      class="crayons-link crayons-link--block"
      href="/t/webdev"
    >
      #webdev
    </a>
  </div>
  <div
    class="sidebar-nav-element"
    id="sidebar-element-react"
  >
    <a
      class="crayons-link crayons-link--block"
      href="/t/react"
    >
      #react
    </a>
  </div>
  <div
    class="sidebar-nav-element"
    id="sidebar-element-discuss"
  >
    <a
      class="crayons-link crayons-link--block"
      href="/t/discuss"
    >
      #discuss
    </a>
  </div>
  <div
    class="sidebar-nav-element"
    id="sidebar-element-productivity"
  >
    <a
      class="crayons-link crayons-link--block"
      href="/t/productivity"
    >
      #productivity
    </a>
  </div>
  <div
    class="sidebar-nav-element"
    id="sidebar-element-career"
  >
    <a
      class="crayons-link crayons-link--block"
      href="/t/career"
    >
      #career
    </a>
  </div>
  <div
    class="sidebar-nav-element"
    id="sidebar-element-node"
  >
    <a
      class="crayons-link crayons-link--block"
      href="/t/node"
    >
      #node
    </a>
  </div>
  <div
    class="sidebar-nav-element"
    id="sidebar-element-css"
  >
    <a
      class="crayons-link crayons-link--block"
      href="/t/css"
    >
      #css
    </a>
  </div>
  <div
    class="sidebar-nav-element"
    id="sidebar-element-html"
  >
    <a
      class="crayons-link crayons-link--block"
      href="/t/html"
    >
      #html
    </a>
  </div>
  <div
    class="sidebar-nav-element"
    id="sidebar-element-typescript"
  >
    <a
      class="crayons-link crayons-link--block"
      href="/t/typescript"
    >
      #typescript
    </a>
  </div>
  <div
    class="sidebar-nav-element"
    id="sidebar-element-opensource"
  >
    <a
      class="crayons-link crayons-link--block"
      href="/t/opensource"
    >
      #opensource
    </a>
  </div>
</div>
`;
