<!DOCTYPE html PUBLIC "-//W3C//DTD HTML 4.0 Transitional//EN" "http://www.w3.org/TR/REC-html40/loose.dtd">
<html xmlns="http://www.w3.org/1999/xhtml">
  <body>
    <div class="liquid-comment">
  <div class="details">
    <a href="/devcommenttagtest">
      <img class="profile-pic" src="/uploads/user/profile_image/2/bf5fa42e-c40c-4060-a2c9-2c065108b964.jpeg" alt="devcommenttagtest profile image" /></a>
    <a href="/devcommenttagtest">
      <span class="comment-username">DevCommentTag Test</span>
    </a>
    <div class="comment-date">
      <a href="/devcommenttagtest/comment/1">Jan 10</a>
    </div>
  </div>
  <div class="body">
    

<p>DevCommentTagTest</p>



  </div>
</div>
  </body>
</html>
