// Jest Snapshot v1, https://goo.gl/fbAQLP

exports[`EmailPreferencesForm should load the appropriate text 1`] = `undefined`;
